[2023-07-18T18:57:15.577+0200][2189641.090s] GC(337605) Pause Young (Normal) (G1 Evacuation Pause) 760M->190M(900M) 8.119ms
[2023-07-18T18:57:15.577+0200][2189641.090s] GC(337605) User=0.01s Sys=0.00s Real=0.01s
[2023-07-18T18:57:15.577+0200][2189641.090s] Safepoint "G1CollectForAllocation", Time since last: 6731705296 ns, Reaching safepoint: 54364 ns, At safepoint: 8285323 ns, Total: 8339687 ns
[2023-07-18T18:57:21.843+0200][2189647.356s] Safepoint "G1TryInitiateConcMark", Time since last: 6266054509 ns, Reaching safepoint: 50036 ns, At safepoint: 11201 ns, Total: 61237 ns
[2023-07-18T18:57:21.843+0200][2189647.357s] GC(337606) Pause Young (Concurrent Start) (GCLocker Initiated GC)
[2023-07-18T18:57:21.843+0200][2189647.357s] GC(337606) Using 2 workers of 2 for evacuation
[2023-07-18T18:57:21.843+0200][2189647.357s] GC(337606) Desired survivor size 35651584 bytes, new threshold 15 (max threshold 15)
[2023-07-18T18:57:21.852+0200][2189647.366s] GC(337606) Age table with threshold 15 (max threshold 15)
[2023-07-18T18:57:21.852+0200][2189647.366s] GC(337606) - age   1:     777800 bytes,     777800 total
[2023-07-18T18:57:21.852+0200][2189647.366s] GC(337606) - age   2:     107968 bytes,     885768 total
[2023-07-18T18:57:21.852+0200][2189647.366s] GC(337606) - age   3:      48272 bytes,     934040 total
[2023-07-18T18:57:21.852+0200][2189647.366s] GC(337606) - age   4:      98288 bytes,    1032328 total
[2023-07-18T18:57:21.852+0200][2189647.366s] GC(337606) - age   5:      79608 bytes,    1111936 total
[2023-07-18T18:57:21.852+0200][2189647.366s] GC(337606) - age   6:      87968 bytes,    1199904 total
[2023-07-18T18:57:21.852+0200][2189647.366s] GC(337606) - age   7:      86584 bytes,    1286488 total
[2023-07-18T18:57:21.852+0200][2189647.366s] GC(337606) - age   8:      79560 bytes,    1366048 total
[2023-07-18T18:57:21.852+0200][2189647.366s] GC(337606) - age   9:      92704 bytes,    1458752 total
[2023-07-18T18:57:21.852+0200][2189647.366s] GC(337606) - age  10:      87472 bytes,    1546224 total
[2023-07-18T18:57:21.852+0200][2189647.366s] GC(337606) - age  11:      77384 bytes,    1623608 total
[2023-07-18T18:57:21.852+0200][2189647.366s] GC(337606) - age  12:      88616 bytes,    1712224 total
[2023-07-18T18:57:21.852+0200][2189647.366s] GC(337606) - age  13:      75216 bytes,    1787440 total
[2023-07-18T18:57:21.852+0200][2189647.366s] GC(337606) - age  14:     102592 bytes,    1890032 total
[2023-07-18T18:57:21.852+0200][2189647.366s] GC(337606) - age  15:      87064 bytes,    1977096 total
[2023-07-18T18:57:21.853+0200][2189647.366s] GC(337606)   Pre Evacuate Collection Set: 0.4ms
[2023-07-18T18:57:21.853+0200][2189647.366s] GC(337606)   Merge Heap Roots: 0.1ms
[2023-07-18T18:57:21.853+0200][2189647.366s] GC(337606)   Evacuate Collection Set: 6.8ms
[2023-07-18T18:57:21.853+0200][2189647.366s] GC(337606)   Post Evacuate Collection Set: 1.7ms
[2023-07-18T18:57:21.853+0200][2189647.366s] GC(337606)   Other: 0.4ms
[2023-07-18T18:57:21.853+0200][2189647.366s] GC(337606) Eden regions: 513->0(538)
[2023-07-18T18:57:21.853+0200][2189647.366s] GC(337606) Survivor regions: 2->2(68)
[2023-07-18T18:57:21.853+0200][2189647.366s] GC(337606) Old regions: 188->188
[2023-07-18T18:57:21.853+0200][2189647.366s] GC(337606) Archive regions: 2->2
[2023-07-18T18:57:21.853+0200][2189647.366s] GC(337606) Humongous regions: 34->1
[2023-07-18T18:57:21.853+0200][2189647.366s] GC(337606) Metaspace: 111843K(112576K)->111843K(112576K) NonClass: 98652K(99008K)->98652K(99008K) Class: 13191K(13568K)->13191K(13568K)
[2023-07-18T18:57:21.853+0200][2189647.366s] GC(337606) Pause Young (Concurrent Start) (GCLocker Initiated GC) 737M->191M(900M) 9.284ms
[2023-07-18T18:57:21.853+0200][2189647.366s] GC(337606) User=0.01s Sys=0.00s Real=0.01s
[2023-07-18T18:57:21.853+0200][2189647.366s] GC(337607) Concurrent Mark Cycle
[2023-07-18T18:57:21.853+0200][2189647.366s] GC(337607) Concurrent Clear Claimed Marks
[2023-07-18T18:57:21.853+0200][2189647.366s] Safepoint "G1CollectForAllocation", Time since last: 106354 ns, Reaching safepoint: 121293 ns, At safepoint: 9498847 ns, Total: 9620140 ns
[2023-07-18T18:57:21.853+0200][2189647.366s] GC(337607) Concurrent Clear Claimed Marks 0.093ms
[2023-07-18T18:57:21.853+0200][2189647.366s] GC(337607) Concurrent Scan Root Regions
[2023-07-18T18:57:21.858+0200][2189647.371s] GC(337607) Concurrent Scan Root Regions 5.031ms
[2023-07-18T18:57:21.858+0200][2189647.371s] GC(337607) Concurrent Mark
[2023-07-18T18:57:21.858+0200][2189647.371s] GC(337607) Concurrent Mark From Roots
[2023-07-18T18:57:21.858+0200][2189647.371s] GC(337607) Using 1 workers of 1 for marking
[2023-07-18T18:57:21.995+0200][2189647.508s] GC(337607) Concurrent Mark From Roots 137.248ms
[2023-07-18T18:57:21.995+0200][2189647.508s] GC(337607) Concurrent Preclean
[2023-07-18T18:57:21.996+0200][2189647.509s] GC(337607) Concurrent Preclean 0.464ms
[2023-07-18T18:57:21.996+0200][2189647.509s] GC(337607) Pause Remark
[2023-07-18T18:57:22.031+0200][2189647.544s] GC(337607) Pause Remark 221M->211M(900M) 35.488ms
[2023-07-18T18:57:22.031+0200][2189647.545s] GC(337607) User=0.06s Sys=0.01s Real=0.04s
[2023-07-18T18:57:22.031+0200][2189647.545s] Safepoint "G1Concurrent", Time since last: 142901259 ns, Reaching safepoint: 73901 ns, At safepoint: 35639498 ns, Total: 35713399 ns
[2023-07-18T18:57:22.031+0200][2189647.545s] GC(337607) Concurrent Mark 173.515ms
[2023-07-18T18:57:22.031+0200][2189647.545s] GC(337607) Concurrent Rebuild Remembered Sets
[2023-07-18T18:57:22.093+0200][2189647.606s] GC(337607) Concurrent Rebuild Remembered Sets 61.364ms
[2023-07-18T18:57:22.093+0200][2189647.606s] GC(337607) Pause Cleanup
[2023-07-18T18:57:22.093+0200][2189647.606s] GC(337607) Pause Cleanup 217M->217M(900M) 0.245ms
[2023-07-18T18:57:22.093+0200][2189647.606s] GC(337607) User=0.00s Sys=0.00s Real=0.00s
[2023-07-18T18:57:22.093+0200][2189647.606s] Safepoint "G1Concurrent", Time since last: 61460845 ns, Reaching safepoint: 88149 ns, At safepoint: 348077 ns, Total: 436226 ns
[2023-07-18T18:57:22.093+0200][2189647.606s] GC(337607) Concurrent Cleanup for Next Mark
[2023-07-18T18:57:22.097+0200][2189647.611s] GC(337607) Concurrent Cleanup for Next Mark 4.063ms
[2023-07-18T18:57:22.097+0200][2189647.611s] GC(337607) Concurrent Mark Cycle 244.634ms
[2023-07-18T18:57:28.960+0200][2189654.473s] GC(337608) Pause Young (Prepare Mixed) (G1 Evacuation Pause)
[2023-07-18T18:57:28.960+0200][2189654.473s] GC(337608) Using 2 workers of 2 for evacuation
[2023-07-18T18:57:28.960+0200][2189654.473s] GC(337608) Desired survivor size 35651584 bytes, new threshold 15 (max threshold 15)
[2023-07-18T18:57:28.966+0200][2189654.480s] GC(337608) Age table with threshold 15 (max threshold 15)
[2023-07-18T18:57:28.966+0200][2189654.480s] GC(337608) - age   1:     539848 bytes,     539848 total
[2023-07-18T18:57:28.966+0200][2189654.480s] GC(337608) - age   2:     101960 bytes,     641808 total
[2023-07-18T18:57:28.966+0200][2189654.480s] GC(337608) - age   3:      99744 bytes,     741552 total
[2023-07-18T18:57:28.966+0200][2189654.480s] GC(337608) - age   4:      44112 bytes,     785664 total
[2023-07-18T18:57:28.966+0200][2189654.480s] GC(337608) - age   5:      94768 bytes,     880432 total
[2023-07-18T18:57:28.967+0200][2189654.480s] GC(337608) - age   6:      77936 bytes,     958368 total
[2023-07-18T18:57:28.967+0200][2189654.480s] GC(337608) - age   7:      86480 bytes,    1044848 total
[2023-07-18T18:57:28.967+0200][2189654.480s] GC(337608) - age   8:      85088 bytes,    1129936 total
[2023-07-18T18:57:28.967+0200][2189654.480s] GC(337608) - age   9:      78040 bytes,    1207976 total
[2023-07-18T18:57:28.967+0200][2189654.480s] GC(337608) - age  10:      91848 bytes,    1299824 total
[2023-07-18T18:57:28.967+0200][2189654.480s] GC(337608) - age  11:      86328 bytes,    1386152 total
[2023-07-18T18:57:28.967+0200][2189654.480s] GC(337608) - age  12:      76400 bytes,    1462552 total
[2023-07-18T18:57:28.967+0200][2189654.480s] GC(337608) - age  13:      87744 bytes,    1550296 total
[2023-07-18T18:57:28.967+0200][2189654.480s] GC(337608) - age  14:      74512 bytes,    1624808 total
[2023-07-18T18:57:28.967+0200][2189654.480s] GC(337608) - age  15:     101480 bytes,    1726288 total
[2023-07-18T18:57:28.967+0200][2189654.480s] GC(337608)   Pre Evacuate Collection Set: 0.2ms
[2023-07-18T18:57:28.967+0200][2189654.480s] GC(337608)   Merge Heap Roots: 0.2ms
[2023-07-18T18:57:28.967+0200][2189654.480s] GC(337608)   Evacuate Collection Set: 4.9ms
[2023-07-18T18:57:28.967+0200][2189654.480s] GC(337608)   Post Evacuate Collection Set: 1.6ms
[2023-07-18T18:57:28.967+0200][2189654.480s] GC(337608)   Other: 0.2ms
[2023-07-18T18:57:28.967+0200][2189654.480s] GC(337608) Eden regions: 538->0(43)
[2023-07-18T18:57:28.967+0200][2189654.480s] GC(337608) Survivor regions: 2->2(68)
[2023-07-18T18:57:28.967+0200][2189654.480s] GC(337608) Old regions: 178->179
[2023-07-18T18:57:28.967+0200][2189654.480s] GC(337608) Archive regions: 2->2
[2023-07-18T18:57:28.967+0200][2189654.480s] GC(337608) Humongous regions: 39->0
[2023-07-18T18:57:28.967+0200][2189654.480s] GC(337608) Metaspace: 111843K(112576K)->111843K(112576K) NonClass: 98652K(99008K)->98652K(99008K) Class: 13191K(13568K)->13191K(13568K)
[2023-07-18T18:57:28.967+0200][2189654.480s] GC(337608) Pause Young (Prepare Mixed) (G1 Evacuation Pause) 757M->180M(900M) 7.042ms
[2023-07-18T18:57:28.967+0200][2189654.480s] GC(337608) User=0.01s Sys=0.00s Real=0.00s
[2023-07-18T18:57:28.967+0200][2189654.480s] Safepoint "G1CollectForAllocation", Time since last: 6866251087 ns, Reaching safepoint: 61959 ns, At safepoint: 7194573 ns, Total: 7256532 ns
[2023-07-18T18:57:29.503+0200][2189655.017s] GC(337609) Pause Young (Mixed) (G1 Evacuation Pause)
[2023-07-18T18:57:29.503+0200][2189655.017s] GC(337609) Using 2 workers of 2 for evacuation
[2023-07-18T18:57:29.504+0200][2189655.017s] GC(337609) Desired survivor size 3145728 bytes, new threshold 15 (max threshold 15)
[2023-07-18T18:57:29.509+0200][2189655.022s] GC(337609) Age table with threshold 15 (max threshold 15)
[2023-07-18T18:57:29.509+0200][2189655.022s] GC(337609) - age   1:     195336 bytes,     195336 total
[2023-07-18T18:57:29.509+0200][2189655.022s] GC(337609) - age   2:     209840 bytes,     405176 total
[2023-07-18T18:57:29.509+0200][2189655.022s] GC(337609) - age   3:     101704 bytes,     506880 total
[2023-07-18T18:57:29.509+0200][2189655.022s] GC(337609) - age   4:      99648 bytes,     606528 total
[2023-07-18T18:57:29.509+0200][2189655.022s] GC(337609) - age   5:      44048 bytes,     650576 total
[2023-07-18T18:57:29.509+0200][2189655.022s] GC(337609) - age   6:      94672 bytes,     745248 total
[2023-07-18T18:57:29.509+0200][2189655.022s] GC(337609) - age   7:      77904 bytes,     823152 total
[2023-07-18T18:57:29.509+0200][2189655.022s] GC(337609) - age   8:      86384 bytes,     909536 total
[2023-07-18T18:57:29.509+0200][2189655.022s] GC(337609) - age   9:      85088 bytes,     994624 total
[2023-07-18T18:57:29.509+0200][2189655.022s] GC(337609) - age  10:      77976 bytes,    1072600 total
[2023-07-18T18:57:29.509+0200][2189655.022s] GC(337609) - age  11:      91752 bytes,    1164352 total
[2023-07-18T18:57:29.509+0200][2189655.022s] GC(337609) - age  12:      86264 bytes,    1250616 total
[2023-07-18T18:57:29.509+0200][2189655.022s] GC(337609) - age  13:      76336 bytes,    1326952 total
[2023-07-18T18:57:29.509+0200][2189655.022s] GC(337609) - age  14:      87744 bytes,    1414696 total
[2023-07-18T18:57:29.509+0200][2189655.022s] GC(337609) - age  15:      74512 bytes,    1489208 total
[2023-07-18T18:57:29.509+0200][2189655.022s] GC(337609)   Pre Evacuate Collection Set: 0.2ms
[2023-07-18T18:57:29.509+0200][2189655.022s] GC(337609)   Merge Heap Roots: 0.1ms
[2023-07-18T18:57:29.509+0200][2189655.022s] GC(337609)   Evacuate Collection Set: 4.0ms
[2023-07-18T18:57:29.509+0200][2189655.022s] GC(337609)   Post Evacuate Collection Set: 1.3ms
[2023-07-18T18:57:29.509+0200][2189655.022s] GC(337609)   Other: 0.2ms
[2023-07-18T18:57:29.509+0200][2189655.022s] GC(337609) Eden regions: 43->0(538)
[2023-07-18T18:57:29.509+0200][2189655.022s] GC(337609) Survivor regions: 2->2(6)
[2023-07-18T18:57:29.509+0200][2189655.022s] GC(337609) Old regions: 179->127
[2023-07-18T18:57:29.509+0200][2189655.022s] GC(337609) Archive regions: 2->2
[2023-07-18T18:57:29.509+0200][2189655.022s] GC(337609) Humongous regions: 0->0
[2023-07-18T18:57:29.509+0200][2189655.022s] GC(337609) Metaspace: 111843K(112576K)->111843K(112576K) NonClass: 98652K(99008K)->98652K(99008K) Class: 13191K(13568K)->13191K(13568K)
[2023-07-18T18:57:29.509+0200][2189655.022s] GC(337609) Pause Young (Mixed) (G1 Evacuation Pause) 223M->128M(900M) 5.677ms
[2023-07-18T18:57:29.509+0200][2189655.022s] GC(337609) User=0.01s Sys=0.00s Real=0.01s
[2023-07-18T18:57:29.509+0200][2189655.022s] Safepoint "G1CollectForAllocation", Time since last: 536628135 ns, Reaching safepoint: 57570 ns, At safepoint: 5809911 ns, Total: 5867481 ns
[2023-07-18T18:57:36.534+0200][2189662.048s] GC(337610) Pause Young (Normal) (G1 Evacuation Pause)
[2023-07-18T18:57:36.534+0200][2189662.048s] GC(337610) Using 2 workers of 2 for evacuation
[2023-07-18T18:57:36.534+0200][2189662.048s] GC(337610) Desired survivor size 35651584 bytes, new threshold 15 (max threshold 15)
[2023-07-18T18:57:36.540+0200][2189662.053s] GC(337610) Age table with threshold 15 (max threshold 15)
[2023-07-18T18:57:36.540+0200][2189662.053s] GC(337610) - age   1:     466000 bytes,     466000 total
[2023-07-18T18:57:36.540+0200][2189662.053s] GC(337610) - age   2:       5944 bytes,     471944 total
[2023-07-18T18:57:36.540+0200][2189662.053s] GC(337610) - age   3:     128528 bytes,     600472 total
[2023-07-18T18:57:36.540+0200][2189662.053s] GC(337610) - age   4:      99432 bytes,     699904 total
[2023-07-18T18:57:36.540+0200][2189662.053s] GC(337610) - age   5:      97544 bytes,     797448 total
[2023-07-18T18:57:36.540+0200][2189662.053s] GC(337610) - age   6:      43208 bytes,     840656 total
[2023-07-18T18:57:36.540+0200][2189662.053s] GC(337610) - age   7:      92800 bytes,     933456 total
[2023-07-18T18:57:36.540+0200][2189662.053s] GC(337610) - age   8:      76816 bytes,    1010272 total
[2023-07-18T18:57:36.540+0200][2189662.053s] GC(337610) - age   9:      84904 bytes,    1095176 total
[2023-07-18T18:57:36.540+0200][2189662.053s] GC(337610) - age  10:      83400 bytes,    1178576 total
[2023-07-18T18:57:36.540+0200][2189662.053s] GC(337610) - age  11:      77048 bytes,    1255624 total
[2023-07-18T18:57:36.540+0200][2189662.053s] GC(337610) - age  12:      90328 bytes,    1345952 total
[2023-07-18T18:57:36.540+0200][2189662.053s] GC(337610) - age  13:      85096 bytes,    1431048 total
[2023-07-18T18:57:36.540+0200][2189662.053s] GC(337610) - age  14:      75504 bytes,    1506552 total
[2023-07-18T18:57:36.540+0200][2189662.053s] GC(337610) - age  15:      86784 bytes,    1593336 total
[2023-07-18T18:57:36.540+0200][2189662.053s] GC(337610)   Pre Evacuate Collection Set: 0.1ms
[2023-07-18T18:57:36.540+0200][2189662.053s] GC(337610)   Merge Heap Roots: 0.1ms
[2023-07-18T18:57:36.540+0200][2189662.053s] GC(337610)   Evacuate Collection Set: 3.9ms
[2023-07-18T18:57:36.540+0200][2189662.053s] GC(337610)   Post Evacuate Collection Set: 1.4ms
[2023-07-18T18:57:36.540+0200][2189662.053s] GC(337610)   Other: 0.2ms
[2023-07-18T18:57:36.540+0200][2189662.053s] GC(337610) Eden regions: 538->0(538)
[2023-07-18T18:57:36.540+0200][2189662.053s] GC(337610) Survivor regions: 2->2(68)
[2023-07-18T18:57:36.540+0200][2189662.053s] GC(337610) Old regions: 127->127
[2023-07-18T18:57:36.540+0200][2189662.053s] GC(337610) Archive regions: 2->2
[2023-07-18T18:57:36.540+0200][2189662.053s] GC(337610) Humongous regions: 21->0
[2023-07-18T18:57:36.540+0200][2189662.053s] GC(337610) Metaspace: 111843K(112576K)->111843K(112576K) NonClass: 98652K(99008K)->98652K(99008K) Class: 13191K(13568K)->13191K(13568K)
[2023-07-18T18:57:36.540+0200][2189662.053s] GC(337610) Pause Young (Normal) (G1 Evacuation Pause) 687M->129M(900M) 5.720ms
[2023-07-18T18:57:36.540+0200][2189662.053s] GC(337610) User=0.01s Sys=0.01s Real=0.01s
[2023-07-18T18:57:36.540+0200][2189662.053s] Safepoint "G1CollectForAllocation", Time since last: 7024922497 ns, Reaching safepoint: 114460 ns, At safepoint: 5845618 ns, Total: 5960078 ns
[2023-07-18T18:57:42.796+0200][2189668.309s] GC(337611) Pause Young (Normal) (G1 Evacuation Pause)
[2023-07-18T18:57:42.796+0200][2189668.309s] GC(337611) Using 2 workers of 2 for evacuation
[2023-07-18T18:57:42.796+0200][2189668.309s] GC(337611) Desired survivor size 35651584 bytes, new threshold 15 (max threshold 15)
[2023-07-18T18:57:42.801+0200][2189668.314s] GC(337611) Age table with threshold 15 (max threshold 15)
[2023-07-18T18:57:42.801+0200][2189668.314s] GC(337611) - age   1:     290352 bytes,     290352 total
[2023-07-18T18:57:42.801+0200][2189668.314s] GC(337611) - age   2:     104776 bytes,     395128 total
[2023-07-18T18:57:42.801+0200][2189668.314s] GC(337611) - age   3:       5672 bytes,     400800 total
[2023-07-18T18:57:42.801+0200][2189668.314s] GC(337611) - age   4:     110408 bytes,     511208 total
[2023-07-18T18:57:42.801+0200][2189668.314s] GC(337611) - age   5:      92560 bytes,     603768 total
[2023-07-18T18:57:42.801+0200][2189668.314s] GC(337611) - age   6:      95816 bytes,     699584 total
[2023-07-18T18:57:42.801+0200][2189668.314s] GC(337611) - age   7:      42080 bytes,     741664 total
[2023-07-18T18:57:42.801+0200][2189668.314s] GC(337611) - age   8:      90848 bytes,     832512 total
[2023-07-18T18:57:42.801+0200][2189668.314s] GC(337611) - age   9:      75240 bytes,     907752 total
[2023-07-18T18:57:42.801+0200][2189668.314s] GC(337611) - age  10:      83256 bytes,     991008 total
[2023-07-18T18:57:42.801+0200][2189668.314s] GC(337611) - age  11:      82248 bytes,    1073256 total
[2023-07-18T18:57:42.801+0200][2189668.314s] GC(337611) - age  12:      76072 bytes,    1149328 total
[2023-07-18T18:57:42.801+0200][2189668.314s] GC(337611) - age  13:      89048 bytes,    1238376 total
[2023-07-18T18:57:42.801+0200][2189668.314s] GC(337611) - age  14:      84040 bytes,    1322416 total
[2023-07-18T18:57:42.801+0200][2189668.314s] GC(337611) - age  15:      74608 bytes,    1397024 total
[2023-07-18T18:57:42.801+0200][2189668.314s] GC(337611)   Pre Evacuate Collection Set: 0.1ms
[2023-07-18T18:57:42.801+0200][2189668.314s] GC(337611)   Merge Heap Roots: 0.1ms
[2023-07-18T18:57:42.801+0200][2189668.314s] GC(337611)   Evacuate Collection Set: 3.4ms
[2023-07-18T18:57:42.801+0200][2189668.314s] GC(337611)   Post Evacuate Collection Set: 1.4ms
[2023-07-18T18:57:42.801+0200][2189668.314s] GC(337611)   Other: 0.2ms
[2023-07-18T18:57:42.801+0200][2189668.314s] GC(337611) Eden regions: 538->0(538)
[2023-07-18T18:57:42.801+0200][2189668.314s] GC(337611) Survivor regions: 2->2(68)
[2023-07-18T18:57:42.801+0200][2189668.314s] GC(337611) Old regions: 127->127
[2023-07-18T18:57:42.801+0200][2189668.314s] GC(337611) Archive regions: 2->2
[2023-07-18T18:57:42.801+0200][2189668.314s] GC(337611) Humongous regions: 21->0
[2023-07-18T18:57:42.801+0200][2189668.314s] GC(337611) Metaspace: 111843K(112576K)->111843K(112576K) NonClass: 98652K(99008K)->98652K(99008K) Class: 13191K(13568K)->13191K(13568K)
[2023-07-18T18:57:42.801+0200][2189668.314s] GC(337611) Pause Young (Normal) (G1 Evacuation Pause) 688M->128M(900M) 5.221ms
[2023-07-18T18:57:42.801+0200][2189668.315s] GC(337611) User=0.01s Sys=0.00s Real=0.01s
[2023-07-18T18:57:42.801+0200][2189668.315s] Safepoint "G1CollectForAllocation", Time since last: 6255784354 ns, Reaching safepoint: 46600 ns, At safepoint: 5331954 ns, Total: 5378554 ns
[2023-07-18T18:57:47.147+0200][2189672.661s] GC(337612) Pause Young (Normal) (G1 Evacuation Pause)
[2023-07-18T18:57:47.147+0200][2189672.661s] GC(337612) Using 2 workers of 2 for evacuation
[2023-07-18T18:57:47.148+0200][2189672.661s] GC(337612) Desired survivor size 35651584 bytes, new threshold 15 (max threshold 15)
[2023-07-18T18:57:47.152+0200][2189672.666s] GC(337612) Age table with threshold 15 (max threshold 15)
[2023-07-18T18:57:47.152+0200][2189672.666s] GC(337612) - age   1:     498096 bytes,     498096 total
[2023-07-18T18:57:47.152+0200][2189672.666s] GC(337612) - age   2:     121304 bytes,     619400 total
[2023-07-18T18:57:47.152+0200][2189672.666s] GC(337612) - age   3:      98712 bytes,     718112 total
[2023-07-18T18:57:47.152+0200][2189672.666s] GC(337612) - age   4:       5544 bytes,     723656 total
[2023-07-18T18:57:47.152+0200][2189672.666s] GC(337612) - age   5:     108608 bytes,     832264 total
[2023-07-18T18:57:47.152+0200][2189672.666s] GC(337612) - age   6:      91088 bytes,     923352 total
[2023-07-18T18:57:47.152+0200][2189672.666s] GC(337612) - age   7:      94704 bytes,    1018056 total
[2023-07-18T18:57:47.152+0200][2189672.666s] GC(337612) - age   8:      41408 bytes,    1059464 total
[2023-07-18T18:57:47.152+0200][2189672.666s] GC(337612) - age   9:      89984 bytes,    1149448 total
[2023-07-18T18:57:47.152+0200][2189672.666s] GC(337612) - age  10:      74248 bytes,    1223696 total
[2023-07-18T18:57:47.152+0200][2189672.666s] GC(337612) - age  11:      82200 bytes,    1305896 total
[2023-07-18T18:57:47.152+0200][2189672.666s] GC(337612) - age  12:      81544 bytes,    1387440 total
[2023-07-18T18:57:47.152+0200][2189672.666s] GC(337612) - age  13:      75208 bytes,    1462648 total
[2023-07-18T18:57:47.152+0200][2189672.666s] GC(337612) - age  14:      87928 bytes,    1550576 total
[2023-07-18T18:57:47.152+0200][2189672.666s] GC(337612) - age  15:      83272 bytes,    1633848 total
[2023-07-18T18:57:47.153+0200][2189672.666s] GC(337612)   Pre Evacuate Collection Set: 0.1ms
[2023-07-18T18:57:47.153+0200][2189672.666s] GC(337612)   Merge Heap Roots: 0.1ms
[2023-07-18T18:57:47.153+0200][2189672.666s] GC(337612)   Evacuate Collection Set: 3.5ms
[2023-07-18T18:57:47.153+0200][2189672.666s] GC(337612)   Post Evacuate Collection Set: 1.2ms
[2023-07-18T18:57:47.153+0200][2189672.666s] GC(337612)   Other: 0.2ms
[2023-07-18T18:57:47.153+0200][2189672.666s] GC(337612) Eden regions: 538->0(538)
[2023-07-18T18:57:47.153+0200][2189672.666s] GC(337612) Survivor regions: 2->2(68)
[2023-07-18T18:57:47.153+0200][2189672.666s] GC(337612) Old regions: 127->127
[2023-07-18T18:57:47.153+0200][2189672.666s] GC(337612) Archive regions: 2->2
[2023-07-18T18:57:47.153+0200][2189672.666s] GC(337612) Humongous regions: 27->0
[2023-07-18T18:57:47.153+0200][2189672.666s] GC(337612) Metaspace: 111843K(112576K)->111843K(112576K) NonClass: 98652K(99008K)->98652K(99008K) Class: 13191K(13568K)->13191K(13568K)
[2023-07-18T18:57:47.153+0200][2189672.666s] GC(337612) Pause Young (Normal) (G1 Evacuation Pause) 693M->129M(900M) 5.122ms
[2023-07-18T18:57:47.153+0200][2189672.666s] GC(337612) User=0.01s Sys=0.00s Real=0.01s
[2023-07-18T18:57:47.153+0200][2189672.666s] Safepoint "G1CollectForAllocation", Time since last: 4346087603 ns, Reaching safepoint: 52691 ns, At safepoint: 5249237 ns, Total: 5301928 ns
[2023-07-18T18:57:53.972+0200][2189679.485s] GC(337613) Pause Young (Normal) (G1 Evacuation Pause)
[2023-07-18T18:57:53.972+0200][2189679.485s] GC(337613) Using 2 workers of 2 for evacuation
[2023-07-18T18:57:53.972+0200][2189679.485s] GC(337613) Desired survivor size 35651584 bytes, new threshold 15 (max threshold 15)
[2023-07-18T18:57:53.977+0200][2189679.490s] GC(337613) Age table with threshold 15 (max threshold 15)
[2023-07-18T18:57:53.977+0200][2189679.490s] GC(337613) - age   1:     471864 bytes,     471864 total
[2023-07-18T18:57:53.977+0200][2189679.490s] GC(337613) - age   2:      91368 bytes,     563232 total
[2023-07-18T18:57:53.977+0200][2189679.490s] GC(337613) - age   3:     104496 bytes,     667728 total
[2023-07-18T18:57:53.977+0200][2189679.490s] GC(337613) - age   4:      96744 bytes,     764472 total
[2023-07-18T18:57:53.977+0200][2189679.490s] GC(337613) - age   5:       5416 bytes,     769888 total
[2023-07-18T18:57:53.977+0200][2189679.490s] GC(337613) - age   6:     105152 bytes,     875040 total
[2023-07-18T18:57:53.977+0200][2189679.490s] GC(337613) - age   7:      89640 bytes,     964680 total
[2023-07-18T18:57:53.977+0200][2189679.490s] GC(337613) - age   8:      93264 bytes,    1057944 total
[2023-07-18T18:57:53.977+0200][2189679.490s] GC(337613) - age   9:      40760 bytes,    1098704 total
[2023-07-18T18:57:53.977+0200][2189679.490s] GC(337613) - age  10:      88608 bytes,    1187312 total
[2023-07-18T18:57:53.977+0200][2189679.490s] GC(337613) - age  11:      73608 bytes,    1260920 total
[2023-07-18T18:57:53.977+0200][2189679.490s] GC(337613) - age  12:      81400 bytes,    1342320 total
[2023-07-18T18:57:53.977+0200][2189679.490s] GC(337613) - age  13:      80544 bytes,    1422864 total
[2023-07-18T18:57:53.977+0200][2189679.490s] GC(337613) - age  14:      74536 bytes,    1497400 total
[2023-07-18T18:57:53.977+0200][2189679.490s] GC(337613) - age  15:      87000 bytes,    1584400 total
[2023-07-18T18:57:53.977+0200][2189679.490s] GC(337613)   Pre Evacuate Collection Set: 0.1ms
[2023-07-18T18:57:53.977+0200][2189679.490s] GC(337613)   Merge Heap Roots: 0.1ms
[2023-07-18T18:57:53.977+0200][2189679.490s] GC(337613)   Evacuate Collection Set: 3.4ms
[2023-07-18T18:57:53.977+0200][2189679.490s] GC(337613)   Post Evacuate Collection Set: 1.2ms
[2023-07-18T18:57:53.977+0200][2189679.490s] GC(337613)   Other: 0.2ms
[2023-07-18T18:57:53.977+0200][2189679.490s] GC(337613) Eden regions: 538->0(538)
[2023-07-18T18:57:53.977+0200][2189679.490s] GC(337613) Survivor regions: 2->2(68)
[2023-07-18T18:57:53.977+0200][2189679.490s] GC(337613) Old regions: 127->127
[2023-07-18T18:57:53.977+0200][2189679.490s] GC(337613) Archive regions: 2->2
[2023-07-18T18:57:53.977+0200][2189679.490s] GC(337613) Humongous regions: 6->0
[2023-07-18T18:57:53.977+0200][2189679.490s] GC(337613) Metaspace: 111843K(112576K)->111843K(112576K) NonClass: 98652K(99008K)->98652K(99008K) Class: 13191K(13568K)->13191K(13568K)
[2023-07-18T18:57:53.977+0200][2189679.490s] GC(337613) Pause Young (Normal) (G1 Evacuation Pause) 673M->129M(900M) 5.012ms
[2023-07-18T18:57:53.977+0200][2189679.490s] GC(337613) User=0.01s Sys=0.00s Real=0.01s
[2023-07-18T18:57:53.977+0200][2189679.490s] Safepoint "G1CollectForAllocation", Time since last: 6818859064 ns, Reaching safepoint: 42902 ns, At safepoint: 5123465 ns, Total: 5166367 ns
[2023-07-18T18:58:00.590+0200][2189686.103s] GC(337614) Pause Young (Normal) (G1 Evacuation Pause)
[2023-07-18T18:58:00.590+0200][2189686.103s] GC(337614) Using 2 workers of 2 for evacuation
[2023-07-18T18:58:00.590+0200][2189686.103s] GC(337614) Desired survivor size 35651584 bytes, new threshold 15 (max threshold 15)
[2023-07-18T18:58:00.597+0200][2189686.110s] GC(337614) Age table with threshold 15 (max threshold 15)
[2023-07-18T18:58:00.597+0200][2189686.110s] GC(337614) - age   1:     318008 bytes,     318008 total
[2023-07-18T18:58:00.597+0200][2189686.110s] GC(337614) - age   2:     113888 bytes,     431896 total
[2023-07-18T18:58:00.597+0200][2189686.110s] GC(337614) - age   3:      84336 bytes,     516232 total
[2023-07-18T18:58:00.597+0200][2189686.110s] GC(337614) - age   4:      97656 bytes,     613888 total
[2023-07-18T18:58:00.597+0200][2189686.110s] GC(337614) - age   5:      94496 bytes,     708384 total
[2023-07-18T18:58:00.597+0200][2189686.110s] GC(337614) - age   6:       5416 bytes,     713800 total
[2023-07-18T18:58:00.597+0200][2189686.110s] GC(337614) - age   7:     103872 bytes,     817672 total
[2023-07-18T18:58:00.597+0200][2189686.110s] GC(337614) - age   8:      88488 bytes,     906160 total
[2023-07-18T18:58:00.597+0200][2189686.110s] GC(337614) - age   9:      91672 bytes,     997832 total
[2023-07-18T18:58:00.597+0200][2189686.110s] GC(337614) - age  10:      40216 bytes,    1038048 total
[2023-07-18T18:58:00.597+0200][2189686.110s] GC(337614) - age  11:      87616 bytes,    1125664 total
[2023-07-18T18:58:00.597+0200][2189686.110s] GC(337614) - age  12:      72408 bytes,    1198072 total
[2023-07-18T18:58:00.597+0200][2189686.110s] GC(337614) - age  13:      80528 bytes,    1278600 total
[2023-07-18T18:58:00.597+0200][2189686.110s] GC(337614) - age  14:      79456 bytes,    1358056 total
[2023-07-18T18:58:00.597+0200][2189686.110s] GC(337614) - age  15:      73640 bytes,    1431696 total
[2023-07-18T18:58:00.597+0200][2189686.110s] GC(337614)   Pre Evacuate Collection Set: 0.2ms
[2023-07-18T18:58:00.597+0200][2189686.110s] GC(337614)   Merge Heap Roots: 0.2ms
[2023-07-18T18:58:00.597+0200][2189686.110s] GC(337614)   Evacuate Collection Set: 4.7ms
[2023-07-18T18:58:00.597+0200][2189686.110s] GC(337614)   Post Evacuate Collection Set: 2.1ms
[2023-07-18T18:58:00.597+0200][2189686.110s] GC(337614)   Other: 0.2ms
[2023-07-18T18:58:00.597+0200][2189686.110s] GC(337614) Eden regions: 538->0(538)
[2023-07-18T18:58:00.597+0200][2189686.110s] GC(337614) Survivor regions: 2->2(68)
[2023-07-18T18:58:00.597+0200][2189686.110s] GC(337614) Old regions: 127->127
[2023-07-18T18:58:00.597+0200][2189686.110s] GC(337614) Archive regions: 2->2
[2023-07-18T18:58:00.597+0200][2189686.110s] GC(337614) Humongous regions: 0->0
[2023-07-18T18:58:00.597+0200][2189686.110s] GC(337614) Metaspace: 111843K(112576K)->111843K(112576K) NonClass: 98652K(99008K)->98652K(99008K) Class: 13191K(13568K)->13191K(13568K)
[2023-07-18T18:58:00.597+0200][2189686.110s] GC(337614) Pause Young (Normal) (G1 Evacuation Pause) 667M->129M(900M) 7.382ms
[2023-07-18T18:58:00.597+0200][2189686.110s] GC(337614) User=0.02s Sys=0.00s Real=0.01s
[2023-07-18T18:58:00.597+0200][2189686.110s] Safepoint "G1CollectForAllocation", Time since last: 6612740365 ns, Reaching safepoint: 145349 ns, At safepoint: 7548351 ns, Total: 7693700 ns
[2023-07-18T18:58:07.664+0200][2189693.178s] GC(337615) Pause Young (Normal) (G1 Evacuation Pause)
[2023-07-18T18:58:07.664+0200][2189693.178s] GC(337615) Using 2 workers of 2 for evacuation
[2023-07-18T18:58:07.665+0200][2189693.178s] GC(337615) Desired survivor size 35651584 bytes, new threshold 15 (max threshold 15)
[2023-07-18T18:58:07.670+0200][2189693.183s] GC(337615) Age table with threshold 15 (max threshold 15)
[2023-07-18T18:58:07.670+0200][2189693.183s] GC(337615) - age   1:     314048 bytes,     314048 total
[2023-07-18T18:58:07.670+0200][2189693.183s] GC(337615) - age   2:     102192 bytes,     416240 total
[2023-07-18T18:58:07.670+0200][2189693.183s] GC(337615) - age   3:     103672 bytes,     519912 total
[2023-07-18T18:58:07.670+0200][2189693.183s] GC(337615) - age   4:      82216 bytes,     602128 total
[2023-07-18T18:58:07.670+0200][2189693.183s] GC(337615) - age   5:      95720 bytes,     697848 total
[2023-07-18T18:58:07.670+0200][2189693.183s] GC(337615) - age   6:      92600 bytes,     790448 total
[2023-07-18T18:58:07.670+0200][2189693.183s] GC(337615) - age   7:       5320 bytes,     795768 total
[2023-07-18T18:58:07.670+0200][2189693.183s] GC(337615) - age   8:     102296 bytes,     898064 total
[2023-07-18T18:58:07.670+0200][2189693.183s] GC(337615) - age   9:      86848 bytes,     984912 total
[2023-07-18T18:58:07.670+0200][2189693.183s] GC(337615) - age  10:      90424 bytes,    1075336 total
[2023-07-18T18:58:07.670+0200][2189693.183s] GC(337615) - age  11:      39736 bytes,    1115072 total
[2023-07-18T18:58:07.670+0200][2189693.183s] GC(337615) - age  12:      86720 bytes,    1201792 total
[2023-07-18T18:58:07.670+0200][2189693.183s] GC(337615) - age  13:      71384 bytes,    1273176 total
[2023-07-18T18:58:07.670+0200][2189693.183s] GC(337615) - age  14:      79792 bytes,    1352968 total
[2023-07-18T18:58:07.670+0200][2189693.183s] GC(337615) - age  15:      78720 bytes,    1431688 total
[2023-07-18T18:58:07.670+0200][2189693.184s] GC(337615)   Pre Evacuate Collection Set: 0.2ms
[2023-07-18T18:58:07.670+0200][2189693.184s] GC(337615)   Merge Heap Roots: 0.2ms
[2023-07-18T18:58:07.670+0200][2189693.184s] GC(337615)   Evacuate Collection Set: 4.0ms
[2023-07-18T18:58:07.670+0200][2189693.184s] GC(337615)   Post Evacuate Collection Set: 1.3ms
[2023-07-18T18:58:07.670+0200][2189693.184s] GC(337615)   Other: 0.2ms
[2023-07-18T18:58:07.670+0200][2189693.184s] GC(337615) Eden regions: 538->0(538)
[2023-07-18T18:58:07.670+0200][2189693.184s] GC(337615) Survivor regions: 2->2(68)
[2023-07-18T18:58:07.670+0200][2189693.184s] GC(337615) Old regions: 127->127
[2023-07-18T18:58:07.670+0200][2189693.184s] GC(337615) Archive regions: 2->2
[2023-07-18T18:58:07.670+0200][2189693.184s] GC(337615) Humongous regions: 12->0
[2023-07-18T18:58:07.670+0200][2189693.184s] GC(337615) Metaspace: 111843K(112576K)->111843K(112576K) NonClass: 98652K(99008K)->98652K(99008K) Class: 13191K(13568K)->13191K(13568K)
[2023-07-18T18:58:07.670+0200][2189693.184s] GC(337615) Pause Young (Normal) (G1 Evacuation Pause) 679M->129M(900M) 5.889ms
[2023-07-18T18:58:07.670+0200][2189693.184s] GC(337615) User=0.01s Sys=0.00s Real=0.01s
[2023-07-18T18:58:07.670+0200][2189693.184s] Safepoint "G1CollectForAllocation", Time since last: 7067147171 ns, Reaching safepoint: 61378 ns, At safepoint: 6036504 ns, Total: 6097882 ns
[2023-07-18T18:58:13.781+0200][2189699.295s] GC(337616) Pause Young (Normal) (G1 Evacuation Pause)
[2023-07-18T18:58:13.781+0200][2189699.295s] GC(337616) Using 2 workers of 2 for evacuation
[2023-07-18T18:58:13.781+0200][2189699.295s] GC(337616) Desired survivor size 35651584 bytes, new threshold 15 (max threshold 15)
[2023-07-18T18:58:13.787+0200][2189699.301s] GC(337616) Age table with threshold 15 (max threshold 15)
[2023-07-18T18:58:13.787+0200][2189699.301s] GC(337616) - age   1:     605368 bytes,     605368 total
[2023-07-18T18:58:13.787+0200][2189699.301s] GC(337616) - age   2:     123512 bytes,     728880 total
[2023-07-18T18:58:13.787+0200][2189699.301s] GC(337616) - age   3:     100112 bytes,     828992 total
[2023-07-18T18:58:13.787+0200][2189699.301s] GC(337616) - age   4:     101656 bytes,     930648 total
[2023-07-18T18:58:13.787+0200][2189699.301s] GC(337616) - age   5:      80736 bytes,    1011384 total
[2023-07-18T18:58:13.787+0200][2189699.301s] GC(337616) - age   6:      93696 bytes,    1105080 total
[2023-07-18T18:58:13.787+0200][2189699.301s] GC(337616) - age   7:      91024 bytes,    1196104 total
[2023-07-18T18:58:13.787+0200][2189699.301s] GC(337616) - age   8:       5256 bytes,    1201360 total
[2023-07-18T18:58:13.787+0200][2189699.301s] GC(337616) - age   9:      91896 bytes,    1293256 total
[2023-07-18T18:58:13.787+0200][2189699.301s] GC(337616) - age  10:      82456 bytes,    1375712 total
[2023-07-18T18:58:13.787+0200][2189699.301s] GC(337616) - age  11:      89256 bytes,    1464968 total
[2023-07-18T18:58:13.787+0200][2189699.301s] GC(337616) - age  12:      38520 bytes,    1503488 total
[2023-07-18T18:58:13.787+0200][2189699.301s] GC(337616) - age  13:      85984 bytes,    1589472 total
[2023-07-18T18:58:13.787+0200][2189699.301s] GC(337616) - age  14:      70424 bytes,    1659896 total
[2023-07-18T18:58:13.787+0200][2189699.301s] GC(337616) - age  15:      79000 bytes,    1738896 total
[2023-07-18T18:58:13.788+0200][2189699.301s] GC(337616)   Pre Evacuate Collection Set: 0.2ms
[2023-07-18T18:58:13.788+0200][2189699.301s] GC(337616)   Merge Heap Roots: 0.1ms
[2023-07-18T18:58:13.788+0200][2189699.301s] GC(337616)   Evacuate Collection Set: 4.2ms
[2023-07-18T18:58:13.788+0200][2189699.301s] GC(337616)   Post Evacuate Collection Set: 1.5ms
[2023-07-18T18:58:13.788+0200][2189699.301s] GC(337616)   Other: 0.2ms
[2023-07-18T18:58:13.788+0200][2189699.301s] GC(337616) Eden regions: 538->0(538)
[2023-07-18T18:58:13.788+0200][2189699.301s] GC(337616) Survivor regions: 2->2(68)
[2023-07-18T18:58:13.788+0200][2189699.301s] GC(337616) Old regions: 127->127
[2023-07-18T18:58:13.788+0200][2189699.301s] GC(337616) Archive regions: 2->2
[2023-07-18T18:58:13.788+0200][2189699.301s] GC(337616) Humongous regions: 24->0
[2023-07-18T18:58:13.788+0200][2189699.301s] GC(337616) Metaspace: 111843K(112576K)->111843K(112576K) NonClass: 98652K(99008K)->98652K(99008K) Class: 13191K(13568K)->13191K(13568K)
[2023-07-18T18:58:13.788+0200][2189699.301s] GC(337616) Pause Young (Normal) (G1 Evacuation Pause) 691M->129M(900M) 6.258ms
[2023-07-18T18:58:13.788+0200][2189699.301s] GC(337616) User=0.01s Sys=0.00s Real=0.00s
[2023-07-18T18:58:13.788+0200][2189699.301s] Safepoint "G1CollectForAllocation", Time since last: 6110826686 ns, Reaching safepoint: 58843 ns, At safepoint: 6422012 ns, Total: 6480855 ns
[2023-07-18T18:58:21.295+0200][2189706.809s] GC(337617) Pause Young (Normal) (G1 Evacuation Pause)
[2023-07-18T18:58:21.295+0200][2189706.809s] GC(337617) Using 2 workers of 2 for evacuation
[2023-07-18T18:58:21.296+0200][2189706.809s] GC(337617) Desired survivor size 35651584 bytes, new threshold 15 (max threshold 15)
[2023-07-18T18:58:21.302+0200][2189706.815s] GC(337617) Age table with threshold 15 (max threshold 15)
[2023-07-18T18:58:21.302+0200][2189706.815s] GC(337617) - age   1:     556352 bytes,     556352 total
[2023-07-18T18:58:21.302+0200][2189706.815s] GC(337617) - age   2:     118504 bytes,     674856 total
[2023-07-18T18:58:21.302+0200][2189706.815s] GC(337617) - age   3:     106904 bytes,     781760 total
[2023-07-18T18:58:21.302+0200][2189706.815s] GC(337617) - age   4:      96128 bytes,     877888 total
[2023-07-18T18:58:21.302+0200][2189706.815s] GC(337617) - age   5:      99536 bytes,     977424 total
[2023-07-18T18:58:21.302+0200][2189706.815s] GC(337617) - age   6:      79616 bytes,    1057040 total
[2023-07-18T18:58:21.302+0200][2189706.815s] GC(337617) - age   7:      91936 bytes,    1148976 total
[2023-07-18T18:58:21.302+0200][2189706.815s] GC(337617) - age   8:      89368 bytes,    1238344 total
[2023-07-18T18:58:21.302+0200][2189706.815s] GC(337617) - age   9:       5096 bytes,    1243440 total
[2023-07-18T18:58:21.302+0200][2189706.815s] GC(337617) - age  10:      90824 bytes,    1334264 total
[2023-07-18T18:58:21.302+0200][2189706.815s] GC(337617) - age  11:      81328 bytes,    1415592 total
[2023-07-18T18:58:21.302+0200][2189706.815s] GC(337617) - age  12:      88168 bytes,    1503760 total
[2023-07-18T18:58:21.302+0200][2189706.815s] GC(337617) - age  13:      38072 bytes,    1541832 total
[2023-07-18T18:58:21.302+0200][2189706.815s] GC(337617) - age  14:      84896 bytes,    1626728 total
[2023-07-18T18:58:21.302+0200][2189706.815s] GC(337617) - age  15:      69400 bytes,    1696128 total
[2023-07-18T18:58:21.302+0200][2189706.815s] GC(337617)   Pre Evacuate Collection Set: 0.2ms
[2023-07-18T18:58:21.302+0200][2189706.815s] GC(337617)   Merge Heap Roots: 0.1ms
[2023-07-18T18:58:21.302+0200][2189706.815s] GC(337617)   Evacuate Collection Set: 4.0ms
[2023-07-18T18:58:21.302+0200][2189706.815s] GC(337617)   Post Evacuate Collection Set: 1.8ms
[2023-07-18T18:58:21.302+0200][2189706.815s] GC(337617)   Other: 0.2ms
[2023-07-18T18:58:21.302+0200][2189706.815s] GC(337617) Eden regions: 538->0(538)
[2023-07-18T18:58:21.302+0200][2189706.815s] GC(337617) Survivor regions: 2->2(68)
[2023-07-18T18:58:21.302+0200][2189706.815s] GC(337617) Old regions: 127->127
[2023-07-18T18:58:21.302+0200][2189706.815s] GC(337617) Archive regions: 2->2
[2023-07-18T18:58:21.302+0200][2189706.815s] GC(337617) Humongous regions: 39->0
[2023-07-18T18:58:21.302+0200][2189706.815s] GC(337617) Metaspace: 111843K(112576K)->111843K(112576K) NonClass: 98652K(99008K)->98652K(99008K) Class: 13191K(13568K)->13191K(13568K)
[2023-07-18T18:58:21.302+0200][2189706.815s] GC(337617) Pause Young (Normal) (G1 Evacuation Pause) 706M->129M(900M) 6.311ms
[2023-07-18T18:58:21.302+0200][2189706.815s] GC(337617) User=0.01s Sys=0.00s Real=0.01s
[2023-07-18T18:58:21.302+0200][2189706.815s] Safepoint "G1CollectForAllocation", Time since last: 7507626987 ns, Reaching safepoint: 110401 ns, At safepoint: 6472470 ns, Total: 6582871 ns
[2023-07-18T18:58:27.603+0200][2189713.117s] GC(337618) Pause Young (Normal) (G1 Evacuation Pause)
[2023-07-18T18:58:27.604+0200][2189713.117s] GC(337618) Using 2 workers of 2 for evacuation
[2023-07-18T18:58:27.604+0200][2189713.117s] GC(337618) Desired survivor size 35651584 bytes, new threshold 15 (max threshold 15)
[2023-07-18T18:58:27.609+0200][2189713.122s] GC(337618) Age table with threshold 15 (max threshold 15)
[2023-07-18T18:58:27.609+0200][2189713.122s] GC(337618) - age   1:     384280 bytes,     384280 total
[2023-07-18T18:58:27.609+0200][2189713.122s] GC(337618) - age   2:     111632 bytes,     495912 total
[2023-07-18T18:58:27.609+0200][2189713.122s] GC(337618) - age   3:     101112 bytes,     597024 total
[2023-07-18T18:58:27.609+0200][2189713.122s] GC(337618) - age   4:     100600 bytes,     697624 total
[2023-07-18T18:58:27.609+0200][2189713.122s] GC(337618) - age   5:      93720 bytes,     791344 total
[2023-07-18T18:58:27.609+0200][2189713.122s] GC(337618) - age   6:      97936 bytes,     889280 total
[2023-07-18T18:58:27.609+0200][2189713.122s] GC(337618) - age   7:      78280 bytes,     967560 total
[2023-07-18T18:58:27.609+0200][2189713.122s] GC(337618) - age   8:      90528 bytes,    1058088 total
[2023-07-18T18:58:27.609+0200][2189713.122s] GC(337618) - age   9:      87776 bytes,    1145864 total
[2023-07-18T18:58:27.609+0200][2189713.122s] GC(337618) - age  10:       5000 bytes,    1150864 total
[2023-07-18T18:58:27.609+0200][2189713.122s] GC(337618) - age  11:      85104 bytes,    1235968 total
[2023-07-18T18:58:27.609+0200][2189713.122s] GC(337618) - age  12:      79448 bytes,    1315416 total
[2023-07-18T18:58:27.609+0200][2189713.122s] GC(337618) - age  13:      87312 bytes,    1402728 total
[2023-07-18T18:58:27.609+0200][2189713.122s] GC(337618) - age  14:      37656 bytes,    1440384 total
[2023-07-18T18:58:27.609+0200][2189713.122s] GC(337618) - age  15:      84096 bytes,    1524480 total
[2023-07-18T18:58:27.609+0200][2189713.122s] GC(337618)   Pre Evacuate Collection Set: 0.2ms
[2023-07-18T18:58:27.609+0200][2189713.123s] GC(337618)   Merge Heap Roots: 0.1ms
[2023-07-18T18:58:27.609+0200][2189713.123s] GC(337618)   Evacuate Collection Set: 3.9ms
[2023-07-18T18:58:27.609+0200][2189713.123s] GC(337618)   Post Evacuate Collection Set: 1.5ms
[2023-07-18T18:58:27.609+0200][2189713.123s] GC(337618)   Other: 0.2ms
[2023-07-18T18:58:27.609+0200][2189713.123s] GC(337618) Eden regions: 538->0(538)
[2023-07-18T18:58:27.609+0200][2189713.123s] GC(337618) Survivor regions: 2->2(68)
[2023-07-18T18:58:27.609+0200][2189713.123s] GC(337618) Old regions: 127->127
[2023-07-18T18:58:27.609+0200][2189713.123s] GC(337618) Archive regions: 2->2
[2023-07-18T18:58:27.609+0200][2189713.123s] GC(337618) Humongous regions: 15->0
[2023-07-18T18:58:27.609+0200][2189713.123s] GC(337618) Metaspace: 111843K(112576K)->111843K(112576K) NonClass: 98652K(99008K)->98652K(99008K) Class: 13191K(13568K)->13191K(13568K)
[2023-07-18T18:58:27.609+0200][2189713.123s] GC(337618) Pause Young (Normal) (G1 Evacuation Pause) 682M->129M(900M) 5.758ms
[2023-07-18T18:58:27.609+0200][2189713.123s] GC(337618) User=0.01s Sys=0.00s Real=0.01s
[2023-07-18T18:58:27.609+0200][2189713.123s] Safepoint "G1CollectForAllocation", Time since last: 6301535443 ns, Reaching safepoint: 41620 ns, At safepoint: 5917566 ns, Total: 5959186 ns