[2023-07-18T18:38:34.550+0200][2188520.063s] GC(337393) Pause Young (Normal) (G1 Evacuation Pause)
[2023-07-18T18:38:34.550+0200][2188520.063s] GC(337393) Using 2 workers of 2 for evacuation
[2023-07-18T18:38:34.550+0200][2188520.063s] GC(337393) Desired survivor size 35651584 bytes, new threshold 15 (max threshold 15)
[2023-07-18T18:38:34.557+0200][2188520.071s] GC(337393) Age table with threshold 15 (max threshold 15)
[2023-07-18T18:38:34.558+0200][2188520.071s] GC(337393) - age   1:     347744 bytes,     347744 total
[2023-07-18T18:38:34.558+0200][2188520.071s] GC(337393) - age   2:     281160 bytes,     628904 total
[2023-07-18T18:38:34.558+0200][2188520.071s] GC(337393) - age   3:     382808 bytes,    1011712 total
[2023-07-18T18:38:34.558+0200][2188520.071s] GC(337393) - age   4:     412048 bytes,    1423760 total
[2023-07-18T18:38:34.558+0200][2188520.071s] GC(337393) - age   5:     209568 bytes,    1633328 total
[2023-07-18T18:38:34.558+0200][2188520.071s] GC(337393) - age   6:     101792 bytes,    1735120 total
[2023-07-18T18:38:34.558+0200][2188520.071s] GC(337393) - age   7:     111304 bytes,    1846424 total
[2023-07-18T18:38:34.558+0200][2188520.071s] GC(337393) - age   8:     107904 bytes,    1954328 total
[2023-07-18T18:38:34.558+0200][2188520.071s] GC(337393) - age   9:      85656 bytes,    2039984 total
[2023-07-18T18:38:34.558+0200][2188520.071s] GC(337393) - age  10:      91688 bytes,    2131672 total
[2023-07-18T18:38:34.558+0200][2188520.071s] GC(337393) - age  11:      75240 bytes,    2206912 total
[2023-07-18T18:38:34.558+0200][2188520.071s] GC(337393) - age  12:      88312 bytes,    2295224 total
[2023-07-18T18:38:34.558+0200][2188520.071s] GC(337393) - age  13:      83792 bytes,    2379016 total
[2023-07-18T18:38:34.558+0200][2188520.071s] GC(337393) - age  14:      83512 bytes,    2462528 total
[2023-07-18T18:38:34.558+0200][2188520.071s] GC(337393) - age  15:      83504 bytes,    2546032 total
[2023-07-18T18:38:34.558+0200][2188520.071s] GC(337393)   Pre Evacuate Collection Set: 0.2ms
[2023-07-18T18:38:34.558+0200][2188520.071s] GC(337393)   Merge Heap Roots: 0.2ms
[2023-07-18T18:38:34.558+0200][2188520.071s] GC(337393)   Evacuate Collection Set: 5.7ms
[2023-07-18T18:38:34.558+0200][2188520.071s] GC(337393)   Post Evacuate Collection Set: 1.8ms
[2023-07-18T18:38:34.558+0200][2188520.071s] GC(337393)   Other: 0.2ms
[2023-07-18T18:38:34.558+0200][2188520.071s] GC(337393) Eden regions: 537->0(537)
[2023-07-18T18:38:34.558+0200][2188520.071s] GC(337393) Survivor regions: 3->3(68)
[2023-07-18T18:38:34.558+0200][2188520.071s] GC(337393) Old regions: 171->171
[2023-07-18T18:38:34.558+0200][2188520.071s] GC(337393) Archive regions: 2->2
[2023-07-18T18:38:34.558+0200][2188520.071s] GC(337393) Humongous regions: 15->0
[2023-07-18T18:38:34.558+0200][2188520.071s] GC(337393) Metaspace: 111660K(112448K)->111660K(112448K) NonClass: 98511K(98880K)->98511K(98880K) Class: 13149K(13568K)->13149K(13568K)
[2023-07-18T18:38:34.558+0200][2188520.071s] GC(337393) Pause Young (Normal) (G1 Evacuation Pause) 725M->173M(900M) 7.961ms
[2023-07-18T18:38:34.558+0200][2188520.071s] GC(337393) User=0.02s Sys=0.00s Real=0.01s
